src/components/crm/AddTeamMemberDialog.tsx(151,9): error TS2740: Type 'string[]' is missing the following properties from type 'Set<string>': add, clear, delete, has, and 2 more.
src/components/crm/Dashboard.tsx(6,69): error TS2440: Import declaration conflicts with local declaration of 'Users'.
src/components/crm/Dashboard.tsx(6,76): error TS2440: Import declaration conflicts with local declaration of 'CalendarBlank'.
src/components/crm/SettingsView.tsx(142,15): error TS2322: Type '{ open: boolean; onOpenChange: Dispatch<SetStateAction<boolean>>; onAdd: (pipeline: Pipeline) => void; }' is not assignable to type 'IntrinsicAttributes & AddPipelineDialogProps'.
  Property 'onOpenChange' does not exist on type 'IntrinsicAttributes & AddPipelineDialogProps'.
src/components/crm/Sidebar.tsx(72,120): error TS2339: Property 'common' does not exist on type '{ app: { title: string; subtitle: string; }; nav: { dashboard: string; pipeline: string; analytics: string; calendar: string; team: string; settings: string; notifications: string; voice: string; }; ... 11 more ...; team: { ...; }; } | { ...; }'.
  Property 'common' does not exist on type '{ app: { title: string; subtitle: string; }; nav: { dashboard: string; pipeline: string; analytics: string; calendar: string; team: string; settings: string; notifications: string; voice: string; }; pipeline: { ...; }; ... 10 more ...; team: { ...; }; }'.
src/components/crm/TeamView.tsx(398,13): error TS2322: Type 'string | boolean | undefined' is not assignable to type 'boolean'.
  Type 'undefined' is not assignable to type 'boolean'.
src/views/crm/LoginForm.tsx(5,42): error TS2339: Property 'LoginView' does not exist on type 'typeof import("C:/Users/Name/OneDrive/Escritorio/ff8dfb845861ff4ad36a/src/components/crm/LoginView")'.
